[23:42:33] [main/INFO] (FabricLoader/GameProvider) Loading Minecraft 1.21.11 with Fabric Loader 0.18.4
[23:42:33] [main/INFO] (FabricLoader) Loading 51 mods:
	- copyright 1.0.1
	- fabric-api 0.141.2+1.21.11
	- fabric-api-base 1.0.5+4ebb5c083e
	- fabric-api-lookup-api-v1 1.6.113+1fb1cde93e
	- fabric-biome-api-v1 17.1.1+4fc5413f3e
	- fabric-block-api-v1 1.1.10+4ebb5c083e
	- fabric-block-view-api-v2 1.0.39+4ebb5c083e
	- fabric-client-gametest-api-v1 4.3.5+bfe9fcf43e
	- fabric-command-api-v2 2.4.7+6b42a6003e
	- fabric-content-registries-v0 10.2.14+4fc5413f3e
	- fabric-convention-tags-v1 2.1.55+7f945d5b3e
	- fabric-convention-tags-v2 2.17.3+8ef948ba3e
	- fabric-crash-report-info-v1 0.3.23+4ebb5c083e
	- fabric-data-attachment-api-v1 1.8.47+eed0806f3e
	- fabric-data-generation-api-v1 23.4.0+69974c4e3e
	- fabric-dimensions-v1 4.0.28+4fc5413f3e
	- fabric-entity-events-v1 3.1.1+1d0ab4303e
	- fabric-events-interaction-v0 4.1.0+3b89ecf63e
	- fabric-game-rule-api-v1 2.0.3+4fc5413f3e
	- fabric-gametest-api-v1 3.1.27+4fc5413f3e
	- fabric-item-api-v1 11.5.20+d0c46b9e3e
	- fabric-item-group-api-v1 4.2.36+4fc5413f3e
	- fabric-key-binding-api-v1 1.1.7+4fc5413f3e
	- fabric-lifecycle-events-v1 2.6.15+4ebb5c083e
	- fabric-loot-api-v2 3.0.73+3f89f5a53e
	- fabric-loot-api-v3 2.0.20+78c8b4663e
	- fabric-message-api-v1 6.1.12+4ebb5c083e
	- fabric-model-loading-api-v1 6.0.14+4fc5413f3e
	- fabric-networking-api-v1 5.1.5+ae1e07683e
	- fabric-object-builder-api-v1 21.1.39+4fc5413f3e
	- fabric-particles-v1 4.2.11+4fc5413f3e
	- fabric-recipe-api-v1 8.2.3+4ebb5c083e
	- fabric-registry-sync-v0 6.2.5+1718722b3e
	- fabric-renderer-api-v1 8.0.2+f4ffd2e53e
	- fabric-renderer-indigo 5.0.2+f4ffd2e53e
	- fabric-rendering-fluids-v1 3.1.43+4ebb5c083e
	- fabric-rendering-v1 16.2.9+7edacff13e
	- fabric-resource-conditions-api-v1 5.0.35+4fc5413f3e
	- fabric-resource-loader-v0 3.3.4+4fc5413f3e
	- fabric-resource-loader-v1 1.0.10+78c8b4663e
	- fabric-screen-api-v1 3.1.7+4ebb5c083e
	- fabric-screen-handler-api-v1 1.3.161+4fc5413f3e
	- fabric-serialization-api-v1 1.0.5+4ebb5c083e
	- fabric-sound-api-v1 1.0.51+4fc5413f3e
	- fabric-tag-api-v1 1.2.20+4fc5413f3e
	- fabric-transfer-api-v1 6.0.24+4fc5413f3e
	- fabric-transitive-access-wideners-v1 7.1.0+014c8cec3e
	- fabricloader 0.18.4
	- java 21
	- minecraft 1.21.11
	- mixinextras 0.5.0
[23:42:33] [main/INFO] (FabricLoader/Mixin) SpongePowered MIXIN Subsystem Version=0.8.7 Source=file:/C:/Users/FOLOF/.gradle/caches/modules-2/files-2.1/net.fabricmc/sponge-mixin/0.17.0+mixin.0.8.7/cf31463202f72d03b0ef1e1e38e8ee71b7faaab6/sponge-mixin-0.17.0+mixin.0.8.7.jar Service=Knot/Fabric Env=CLIENT
[23:42:34] [main/INFO] (FabricLoader/Mixin) Loaded Fabric development mappings for mixin remapper!
[23:42:34] [main/INFO] (FabricLoader/Mixin) Compatibility level set to JAVA_21
[23:42:35] [main/INFO] (FabricLoader/MixinExtras|Service) Initializing MixinExtras via com.llamalad7.mixinextras.service.MixinExtrasServiceImpl(version=0.5.0).
[23:42:36] [Datafixer Bootstrap/INFO] (Minecraft) 287 Datafixer optimizations took 495 milliseconds
[23:42:36] [main/WARN] (PerfmonDisabled) Invalid registry value type detected for PerfOS counters. Should be REG_DWORD. Ignoring: HKEY_LOCAL_MACHINE\SYSTEM\CurrentControlSet\Services\PerfOS\Performance\Disable Performance Counters.
[23:42:41] [Render thread/INFO] (Minecraft) Environment: Environment[sessionHost=https://sessionserver.mojang.com, servicesHost=https://api.minecraftservices.com, profilesHost=https://api.mojang.com, name=PROD]
[23:42:41] [Render thread/INFO] (Minecraft) Setting user: Player740
[23:42:42] [Render thread/INFO] (Indigo) [Indigo] Registering Indigo renderer!
[23:42:42] [Render thread/INFO] (Minecraft) Backend library: LWJGL version 3.3.3-snapshot
[23:42:43] [Render thread/INFO] (Minecraft) Using optional rendering extensions: GL_ARB_buffer_storage, GL_KHR_debug, GL_ARB_vertex_attrib_binding, GL_ARB_direct_state_access, GL_EXT_texture_filter_anisotropic
[23:42:43] [Download-2/ERROR] (Minecraft) Failed to fetch user properties
com.mojang.authlib.exceptions.InvalidCredentialsException: Status: 401
	at knot//com.mojang.authlib.exceptions.MinecraftClientHttpException.toAuthenticationException(MinecraftClientHttpException.java:59)
	at knot//com.mojang.authlib.yggdrasil.YggdrasilUserApiService.fetchProperties(YggdrasilUserApiService.java:150)
	at knot//net.minecraft.client.MinecraftClient.method_55608(MinecraftClient.java:457)
	at java.base/java.util.concurrent.CompletableFuture$AsyncSupply.run(CompletableFuture.java:1768)
	at java.base/java.util.concurrent.ThreadPoolExecutor.runWorker(ThreadPoolExecutor.java:1144)
	at java.base/java.util.concurrent.ThreadPoolExecutor$Worker.run(ThreadPoolExecutor.java:642)
	at java.base/java.lang.Thread.run(Thread.java:1583)
Caused by: com.mojang.authlib.exceptions.MinecraftClientHttpException: Status: 401
	at knot//com.mojang.authlib.minecraft.client.MinecraftClient.readInputStream(MinecraftClient.java:103)
	at knot//com.mojang.authlib.minecraft.client.MinecraftClient.get(MinecraftClient.java:56)
	at knot//com.mojang.authlib.yggdrasil.YggdrasilUserApiService.fetchProperties(YggdrasilUserApiService.java:121)
	... 5 more
[23:42:43] [Render thread/INFO] (Minecraft) Reloading ResourceManager: vanilla, copyright, fabric-api, fabric-api-base, fabric-api-lookup-api-v1, fabric-biome-api-v1, fabric-block-api-v1, fabric-block-view-api-v2, fabric-client-gametest-api-v1, fabric-command-api-v2, fabric-content-registries-v0, fabric-convention-tags-v1, fabric-convention-tags-v2, fabric-crash-report-info-v1, fabric-data-attachment-api-v1, fabric-data-generation-api-v1, fabric-dimensions-v1, fabric-entity-events-v1, fabric-events-interaction-v0, fabric-game-rule-api-v1, fabric-gametest-api-v1, fabric-item-api-v1, fabric-item-group-api-v1, fabric-key-binding-api-v1, fabric-lifecycle-events-v1, fabric-loot-api-v2, fabric-loot-api-v3, fabric-message-api-v1, fabric-model-loading-api-v1, fabric-networking-api-v1, fabric-object-builder-api-v1, fabric-particles-v1, fabric-recipe-api-v1, fabric-registry-sync-v0, fabric-renderer-api-v1, fabric-renderer-indigo, fabric-rendering-fluids-v1, fabric-rendering-v1, fabric-resource-conditions-api-v1, fabric-resource-loader-v0, fabric-resource-loader-v1, fabric-screen-api-v1, fabric-screen-handler-api-v1, fabric-serialization-api-v1, fabric-sound-api-v1, fabric-tag-api-v1, fabric-transfer-api-v1, fabric-transitive-access-wideners-v1, fabricloader
[23:42:43] [Download-2/INFO] (Minecraft) Could not authorize you against Realms server: java.lang.RuntimeException: Failed to parse into SignedJWT: FabricMC
[23:42:43] [Download-2/ERROR] (Minecraft) Failed to fetch Realms feature flags
net.minecraft.client.realms.exception.RealmsServiceException: Realms authentication error with message 'java.lang.RuntimeException: Failed to parse into SignedJWT: FabricMC'
	at knot//net.minecraft.client.realms.RealmsClient.execute(RealmsClient.java:526)
	at knot//net.minecraft.client.realms.RealmsClient.fetchFeatureFlags(RealmsClient.java:186)
	at java.base/java.util.concurrent.CompletableFuture$AsyncSupply.run(CompletableFuture.java:1768)
	at java.base/java.util.concurrent.ThreadPoolExecutor.runWorker(ThreadPoolExecutor.java:1144)
	at java.base/java.util.concurrent.ThreadPoolExecutor$Worker.run(ThreadPoolExecutor.java:642)
	at java.base/java.lang.Thread.run(Thread.java:1583)
[23:42:43] [Render thread/INFO] (Minecraft) [STDOUT]: [42m[30m[1m FriendConfig: friends.json loaded successfully! [0m
[23:42:43] [Render thread/INFO] (Minecraft) [STDOUT]: [42m[30m[1m ProxyConfig: proxy.json loaded successfully! [0m
[23:42:43] [Render thread/INFO] (Minecraft) [STDOUT]: [42m[30m[1m DragConfig: draggables.json loaded successfully! [0m
[23:42:44] [Worker-Main-3/INFO] (Minecraft) Found unifont_all_no_pua-17.0.01.hex, loading
[23:42:44] [Worker-Main-1/INFO] (Minecraft) Found unifont_pua-17.0.01.hex, loading
[23:42:44] [Worker-Main-7/INFO] (Minecraft) Found unifont_jp_patch-17.0.01.hex, loading
[23:42:44] [Render thread/INFO] (Minecraft) [STDOUT]: [42m[30m[1m DragConfig: draggables.json loaded successfully! [0m
[23:42:44] [Render thread/INFO] (Minecraft) [STDOUT]: [42m[30m[1m AutoConfiguration: autoconfig.json loaded successfully! [0m
[23:42:44] [Render thread/INFO] (Minecraft) [STDOUT]: [44m[97m[1m AutoConfiguration: AutoSaver started (interval: 90s) [0m
[23:42:44] [Render thread/INFO] (Minecraft) [STDOUT]: [42m[30m[1m AutoConfiguration: System initialized! [0m
[23:42:44] [Render thread/INFO] (rich/FontRenderer) Registered font: bold -> bold
[23:42:44] [Render thread/INFO] (rich/FontRenderer) Registered font: icons -> icons
[23:42:44] [Render thread/INFO] (rich/FontRenderer) Registered font: iconstypetho -> iconstypetho
[23:42:44] [Render thread/INFO] (rich/FontRenderer) Registered font: guiicons -> guiicons
[23:42:44] [Render thread/INFO] (rich/FontRenderer) Registered font: hudicons -> hudicons
[23:42:44] [Render thread/INFO] (rich/FontRenderer) Registered font: categoryicons -> categoryicons
[23:42:44] [Render thread/INFO] (rich/FontRenderer) Registered font: default -> default
[23:42:44] [Render thread/INFO] (rich/FontRenderer) Registered font: regular -> regular
[23:42:44] [Render thread/INFO] (rich/FontRenderer) Registered font: test -> test
[23:42:44] [Render thread/INFO] (rich/FontRenderer) Registered font: inter -> inter
[23:42:44] [Render thread/INFO] (rich/FontRenderer) Registered font: regularnew -> regularnew
[23:42:44] [Render thread/INFO] (rich/FontRenderer) Registered font: mainmenuicons -> mainmenuicons
[23:42:44] [Render thread/INFO] (rich/FontRenderer) Initializing 12 fonts...
[23:42:44] [Render thread/INFO] (rich/Font) Atlas: 2048.0x2048.0, size=64.0, distanceRange=6.0, yOrigin=bottom
[23:42:44] [Render thread/INFO] (rich/Font) Loaded font: rich:fonts/default.json with 140 glyphs
[23:42:44] [Render thread/INFO] (rich/Font) Atlas: 4096.0x4096.0, size=96.0, distanceRange=8.0, yOrigin=bottom
[23:42:44] [Render thread/INFO] (rich/Font) Loaded font: rich:fonts/categoryicons.json with 13 glyphs
[23:42:44] [Render thread/INFO] (rich/Font) Atlas: 4096.0x4096.0, size=64.0, distanceRange=6.0, yOrigin=bottom
[23:42:44] [Render thread/INFO] (rich/Font) Loaded font: rich:fonts/test.json with 965 glyphs
[23:42:44] [Render thread/WARN] (rich/Font) Font JSON not found: rich:fonts/inter.json
[23:42:44] [Render thread/INFO] (rich/Font) Atlas: 4096.0x4096.0, size=96.0, distanceRange=8.0, yOrigin=bottom
[23:42:44] [Render thread/INFO] (rich/Font) Loaded font: rich:fonts/mainmenuicons.json with 6 glyphs
[23:42:44] [Render thread/INFO] (rich/Font) Atlas: 4096.0x4096.0, size=96.0, distanceRange=8.0, yOrigin=bottom
[23:42:44] [Render thread/INFO] (rich/Font) Loaded font: rich:fonts/guiicons.json with 26 glyphs
[23:42:44] [Render thread/INFO] (rich/Font) Atlas: 2048.0x2048.0, size=64.0, distanceRange=6.0, yOrigin=bottom
[23:42:44] [Render thread/INFO] (rich/Font) Loaded font: rich:fonts/regularnew.json with 142 glyphs
[23:42:44] [Render thread/INFO] (rich/Font) Atlas: 444.0x444.0, size=32.15625, distanceRange=15.0, yOrigin=bottom
[23:42:44] [Render thread/INFO] (rich/Font) Loaded font: rich:fonts/bold.json with 140 glyphs
[23:42:44] [Render thread/INFO] (rich/Font) Atlas: 4096.0x4096.0, size=96.0, distanceRange=8.0, yOrigin=bottom
[23:42:44] [Render thread/INFO] (rich/Font) Loaded font: rich:fonts/iconstypetho.json with 26 glyphs
[23:42:44] [Render thread/INFO] (rich/Font) Atlas: 4096.0x4096.0, size=96.0, distanceRange=8.0, yOrigin=bottom
[23:42:44] [Render thread/INFO] (rich/Font) Loaded font: rich:fonts/icons.json with 22 glyphs
[23:42:44] [Render thread/INFO] (rich/Font) Atlas: 4096.0x4096.0, size=96.0, distanceRange=8.0, yOrigin=bottom
[23:42:44] [Render thread/INFO] (rich/Font) Loaded font: rich:fonts/hudicons.json with 25 glyphs
[23:42:44] [Render thread/INFO] (rich/Font) Atlas: 2048.0x2048.0, size=64.0, distanceRange=6.0, yOrigin=bottom
[23:42:44] [Render thread/INFO] (rich/Font) Loaded font: rich:fonts/regular.json with 54 glyphs
[23:42:44] [Render thread/INFO] (rich/FontRenderer) All fonts initialized in 48ms
[23:42:44] [Render thread/INFO] (rich/FontInitializer) Fonts initialized successfully
[23:42:44] [Render thread/ERROR] (Minecraft) Couldn't find source for VERTEX shader (rich:core/texture)
[23:42:44] [Render thread/ERROR] (Minecraft) Couldn't find source for FRAGMENT shader (rich:core/texture)
[23:42:44] [Render thread/ERROR] (Minecraft) Couldn't compile pipeline rich:pipeline/texture: vertex shader rich:core/texture was invalid
[23:42:44] [Render thread/ERROR] (Minecraft) Couldn't find source for VERTEX shader (rich:core/msdf)
[23:42:44] [Render thread/ERROR] (Minecraft) Couldn't find source for FRAGMENT shader (rich:core/msdf)
[23:42:44] [Render thread/ERROR] (Minecraft) Couldn't compile pipeline rich:pipeline/msdf: vertex shader rich:core/msdf was invalid
[23:42:45] [Render thread/INFO] (Minecraft) OpenAL initialized on device OpenAL Soft on Динамики (MCHOSE S9 PRO)
[23:42:45] [Render thread/INFO] (Minecraft) Sound engine started
[23:42:45] [Render thread/INFO] (Minecraft) Created: 512x256x0 minecraft:textures/atlas/particles.png-atlas
[23:42:45] [Render thread/INFO] (Minecraft) Created: 128x128x0 minecraft:textures/atlas/decorated_pot.png-atlas
[23:42:45] [Render thread/INFO] (Minecraft) Created: 2048x1024x0 minecraft:textures/atlas/armor_trims.png-atlas
[23:42:45] [Render thread/INFO] (Minecraft) Created: 512x256x0 minecraft:textures/atlas/paintings.png-atlas
[23:42:45] [Render thread/INFO] (Minecraft) Created: 1024x512x0 minecraft:textures/atlas/shield_patterns.png-atlas
[23:42:45] [Render thread/INFO] (Minecraft) Created: 2048x2048x4 minecraft:textures/atlas/blocks.png-atlas
[23:42:45] [Render thread/INFO] (Minecraft) Created: 512x512x0 minecraft:textures/atlas/chest.png-atlas
[23:42:45] [Render thread/INFO] (Minecraft) Created: 256x128x0 minecraft:textures/atlas/celestials.png-atlas
[23:42:45] [Render thread/INFO] (Minecraft) Created: 1024x512x0 minecraft:textures/atlas/banner_patterns.png-atlas
[23:42:45] [Render thread/INFO] (Minecraft) Created: 512x512x0 minecraft:textures/atlas/beds.png-atlas
[23:42:45] [Render thread/INFO] (Minecraft) Created: 1024x512x0 minecraft:textures/atlas/items.png-atlas
[23:42:45] [Render thread/INFO] (Minecraft) Created: 1024x1024x0 minecraft:textures/atlas/gui.png-atlas
[23:42:45] [Render thread/INFO] (Minecraft) Created: 128x64x0 minecraft:textures/atlas/map_decorations.png-atlas
[23:42:45] [Render thread/INFO] (Minecraft) Created: 512x256x0 minecraft:textures/atlas/signs.png-atlas
[23:42:45] [Render thread/INFO] (Minecraft) Created: 512x512x0 minecraft:textures/atlas/shulker_boxes.png-atlas
[23:42:45] [Render thread/INFO] (Minecraft) [STDOUT]: [44m[97m[1m AccountConfig: No config file found, using defaults. [0m
[23:44:14] [Rich-ConfigAutoSaver/INFO] (Minecraft) [STDOUT]: [42m[30m[1m AutoConfiguration: autoconfig.json saved successfully! [0m
[23:44:30] [Render thread/INFO] (Minecraft) Loaded 1470 recipes
[23:44:30] [Render thread/INFO] (Minecraft) Loaded 1584 advancements
[23:44:31] [Render thread/INFO] (BiomeModificationImpl) Applied 0 biome modifications to 0 of 65 new biomes in 1.367 ms
[23:44:31] [Server thread/INFO] (Minecraft) Starting integrated minecraft server version 1.21.11
[23:44:31] [Server thread/INFO] (Minecraft) Generating keypair
[23:44:31] [Server thread/INFO] (Minecraft) Loading 0 persistent chunks...
[23:44:33] [Server thread/INFO] (Minecraft) Loading 49 chunks for player spawn...
[23:44:33] [Server thread/INFO] (Minecraft) Preparing spawn area: 16%
[23:44:33] [Server thread/INFO] (Minecraft) Preparing spawn area: 16%
[23:44:33] [Server thread/INFO] (Minecraft) Preparing spawn area: 16%
[23:44:33] [Server thread/INFO] (Minecraft) Preparing spawn area: 16%
[23:44:33] [Server thread/INFO] (Minecraft) Preparing spawn area: 100%
[23:44:33] [Server thread/INFO] (Minecraft) Time elapsed: 2018 ms
[23:44:33] [Server thread/INFO] (Minecraft) Player740[local:E:e1d94c19] logged in with entity id 55 at (225.92631725483793, 68.0, 301.6662822143357)
[23:44:33] [Server thread/INFO] (Minecraft) Player740 joined the game
[23:44:34] [Render thread/INFO] (Minecraft) Resizing Dynamic Transforms UBO, capacity limit of 2 reached during a single frame. New capacity will be 4.
[23:44:34] [Render thread/INFO] (Minecraft) Resizing Dynamic Transforms UBO, capacity limit of 4 reached during a single frame. New capacity will be 8.
[23:44:34] [Render thread/INFO] (Minecraft) Loaded 11 advancements
[23:44:34] [Server thread/INFO] (Minecraft) Changing view distance to 16, from 10
[23:44:34] [Server thread/INFO] (Minecraft) Changing simulation distance to 12, from 0
[23:44:34] [Render thread/INFO] (Minecraft) Resizing Chunk Sections UBO, capacity limit of 2 reached during a single frame. New capacity will be 4.
[23:44:34] [Render thread/INFO] (Minecraft) Resizing Chunk Sections UBO, capacity limit of 4 reached during a single frame. New capacity will be 8.
[23:44:34] [Render thread/INFO] (Minecraft) Resizing Dynamic Transforms UBO, capacity limit of 8 reached during a single frame. New capacity will be 16.
[23:44:35] [Render thread/INFO] (Minecraft) Resizing Chunk Sections UBO, capacity limit of 8 reached during a single frame. New capacity will be 16.
[23:44:35] [Render thread/INFO] (Minecraft) Resizing Chunk Sections UBO, capacity limit of 16 reached during a single frame. New capacity will be 32.
[23:44:35] [Render thread/INFO] (Minecraft) Resizing Chunk Sections UBO, capacity limit of 32 reached during a single frame. New capacity will be 64.
[23:44:35] [Render thread/INFO] (Minecraft) Resizing Chunk Sections UBO, capacity limit of 64 reached during a single frame. New capacity will be 128.
[23:44:35] [Render thread/INFO] (Minecraft) Resizing Chunk Sections UBO, capacity limit of 128 reached during a single frame. New capacity will be 256.
[23:44:36] [Render thread/INFO] (Minecraft) Resizing Chunk Sections UBO, capacity limit of 256 reached during a single frame. New capacity will be 512.
[23:44:38] [Render thread/INFO] (Minecraft) Resizing Chunk Sections UBO, capacity limit of 512 reached during a single frame. New capacity will be 1024.
[23:44:43] [Render thread/INFO] (Minecraft) [STDOUT]: [42m[30m[1m DragConfig: draggables.json saved successfully! [0m
[23:44:50] [Render thread/INFO] (Minecraft) [System] [CHAT] RIch(onlyVisualCrackByFolof(NOTCHETA!!!!) -> Игрок Player740 добавлен в персонал!
[23:45:03] [Server thread/INFO] (Minecraft) Saving and pausing game...
[23:45:03] [Server thread/INFO] (Minecraft) Saving chunks for level 'ServerLevel[New World]'/minecraft:overworld
[23:45:03] [Server thread/INFO] (Minecraft) Saving chunks for level 'ServerLevel[New World]'/minecraft:the_nether
[23:45:03] [Server thread/INFO] (Minecraft) Saving chunks for level 'ServerLevel[New World]'/minecraft:the_end
[23:45:17] [Server thread/INFO] (Minecraft) Saving and pausing game...
[23:45:17] [Server thread/INFO] (Minecraft) Saving chunks for level 'ServerLevel[New World]'/minecraft:overworld
[23:45:17] [Server thread/INFO] (Minecraft) Saving chunks for level 'ServerLevel[New World]'/minecraft:the_nether
[23:45:17] [Server thread/INFO] (Minecraft) Saving chunks for level 'ServerLevel[New World]'/minecraft:the_end
[23:45:44] [Rich-ConfigAutoSaver/INFO] (Minecraft) [STDOUT]: [42m[30m[1m AutoConfiguration: autoconfig.json saved successfully! [0m
[23:45:52] [Server thread/INFO] (Minecraft) Saving and pausing game...
[23:45:52] [Server thread/INFO] (Minecraft) Saving chunks for level 'ServerLevel[New World]'/minecraft:overworld
[23:45:52] [Server thread/INFO] (Minecraft) Saving chunks for level 'ServerLevel[New World]'/minecraft:the_nether
[23:45:52] [Server thread/INFO] (Minecraft) Saving chunks for level 'ServerLevel[New World]'/minecraft:the_end
[23:46:06] [Render thread/INFO] (Minecraft) [System] [CHAT] RIch(onlyVisualCrackByFolof(NOTCHETA!!!!) -> Конфигурация автобая загружена!
[23:46:09] [Render thread/INFO] (Minecraft) [System] [CHAT] §8§m---------------------------------------------------
[23:46:09] [Render thread/INFO] (Minecraft) [System] [CHAT] RIch(onlyVisualCrackByFolof(NOTCHETA!!!!) -> §f§lСТАТУС АВТОБАЯ
[23:46:09] [Render thread/INFO] (Minecraft) [System] [CHAT] §8§m---------------------------------------------------
[23:46:09] [Render thread/INFO] (Minecraft) [System] [CHAT] RIch(onlyVisualCrackByFolof(NOTCHETA!!!!) -> §7Статус: §cOFF
[23:46:09] [Render thread/INFO] (Minecraft) [System] [CHAT] RIch(onlyVisualCrackByFolof(NOTCHETA!!!!) -> §7Модуль: §cВыключен
[23:46:09] [Render thread/INFO] (Minecraft) [System] [CHAT] RIch(onlyVisualCrackByFolof(NOTCHETA!!!!) -> §7Кнопка: §cВыключена
[23:46:09] [Render thread/INFO] (Minecraft) [System] [CHAT] RIch(onlyVisualCrackByFolof(NOTCHETA!!!!) -> §7Активных предметов: §b0§7/§b56
[23:46:09] [Render thread/INFO] (Minecraft) [System] [CHAT] §8§m---------------------------------------------------
[23:46:19] [Render thread/INFO] (Minecraft) [System] [CHAT] §8§m---------------------------------------------------
[23:46:19] [Render thread/INFO] (Minecraft) [System] [CHAT] RIch(onlyVisualCrackByFolof(NOTCHETA!!!!) -> §f§lАВТОБАЙ
[23:46:19] [Render thread/INFO] (Minecraft) [System] [CHAT] §8§m---------------------------------------------------
[23:46:19] [Render thread/INFO] (Minecraft) [System] [CHAT] RIch(onlyVisualCrackByFolof(NOTCHETA!!!!) -> §7> autobuy load §8- §fЗагружает конфигурацию
[23:46:19] [Render thread/INFO] (Minecraft) [System] [CHAT] RIch(onlyVisualCrackByFolof(NOTCHETA!!!!) -> §7> autobuy save §8- §fСохраняет конфигурацию
[23:46:19] [Render thread/INFO] (Minecraft) [System] [CHAT] RIch(onlyVisualCrackByFolof(NOTCHETA!!!!) -> §7> autobuy reset §8- §fСбрасывает конфигурацию
[23:46:19] [Render thread/INFO] (Minecraft) [System] [CHAT] RIch(onlyVisualCrackByFolof(NOTCHETA!!!!) -> §7> autobuy status §8- §fПоказывает статус автобая
[23:46:19] [Render thread/INFO] (Minecraft) [System] [CHAT] §8§m---------------------------------------------------
[23:46:21] [Render thread/INFO] (Minecraft) [System] [CHAT] §8§m---------------------------------------------------
[23:46:21] [Render thread/INFO] (Minecraft) [System] [CHAT] RIch(onlyVisualCrackByFolof(NOTCHETA!!!!) -> §f§lСПИСОК ПЕРСОНАЛА §7(1)
[23:46:21] [Render thread/INFO] (Minecraft) [System] [CHAT] §8§m---------------------------------------------------
[23:46:21] [Render thread/INFO] (Minecraft) [System] [CHAT]   §c● §fPlayer740
[23:46:21] [Render thread/INFO] (Minecraft) [System] [CHAT] §8§m---------------------------------------------------
[23:46:26] [Render thread/INFO] (Minecraft) [System] [CHAT] §8§m---------------------------------------------------
[23:46:26] [Render thread/INFO] (Minecraft) [System] [CHAT] RIch(onlyVisualCrackByFolof(NOTCHETA!!!!) -> §f§lСТАТУС АВТОБАЯ
[23:46:26] [Render thread/INFO] (Minecraft) [System] [CHAT] §8§m---------------------------------------------------
[23:46:26] [Render thread/INFO] (Minecraft) [System] [CHAT] RIch(onlyVisualCrackByFolof(NOTCHETA!!!!) -> §7Статус: §cOFF
[23:46:26] [Render thread/INFO] (Minecraft) [System] [CHAT] RIch(onlyVisualCrackByFolof(NOTCHETA!!!!) -> §7Модуль: §cВыключен
[23:46:26] [Render thread/INFO] (Minecraft) [System] [CHAT] RIch(onlyVisualCrackByFolof(NOTCHETA!!!!) -> §7Кнопка: §cВыключена
[23:46:26] [Render thread/INFO] (Minecraft) [System] [CHAT] RIch(onlyVisualCrackByFolof(NOTCHETA!!!!) -> §7Активных предметов: §b0§7/§b56
[23:46:26] [Render thread/INFO] (Minecraft) [System] [CHAT] §8§m---------------------------------------------------
[23:46:40] [Server thread/INFO] (Minecraft) Saving and pausing game...
[23:46:40] [Server thread/INFO] (Minecraft) Saving chunks for level 'ServerLevel[New World]'/minecraft:overworld
[23:46:40] [Server thread/INFO] (Minecraft) Saving chunks for level 'ServerLevel[New World]'/minecraft:the_nether
[23:46:40] [Server thread/INFO] (Minecraft) Saving chunks for level 'ServerLevel[New World]'/minecraft:the_end
[23:47:04] [Server thread/INFO] (Minecraft) [Not Secure] <Player740> shgfs
[23:47:04] [Render thread/INFO] (Minecraft) [CHAT] <Player740> shgfs
[23:47:14] [Rich-ConfigAutoSaver/INFO] (Minecraft) [STDOUT]: [42m[30m[1m AutoConfiguration: autoconfig.json saved successfully! [0m
[23:47:45] [Render thread/INFO] (Minecraft) [STDOUT]: [42m[30m[1m DragConfig: draggables.json saved successfully! [0m
[23:48:44] [Rich-ConfigAutoSaver/INFO] (Minecraft) [STDOUT]: [42m[30m[1m AutoConfiguration: autoconfig.json saved successfully! [0m
[23:48:53] [Render thread/INFO] (Minecraft) [System] [CHAT] [Debug]: Reloading all chunks
[23:50:12] [Render thread/INFO] (Minecraft) [System] [CHAT] RIch(onlyVisualCrackByFolof(NOTCHETA!!!!) -> Игрок Player740 добавлен в друзья!
[23:50:14] [Rich-ConfigAutoSaver/INFO] (Minecraft) [STDOUT]: [42m[30m[1m AutoConfiguration: autoconfig.json saved successfully! [0m
[23:50:18] [Server thread/INFO] (Minecraft) Saving and pausing game...
[23:50:18] [Server thread/INFO] (Minecraft) Saving chunks for level 'ServerLevel[New World]'/minecraft:overworld
[23:50:18] [Server thread/INFO] (Minecraft) Saving chunks for level 'ServerLevel[New World]'/minecraft:the_nether
[23:50:18] [Server thread/INFO] (Minecraft) Saving chunks for level 'ServerLevel[New World]'/minecraft:the_end
[23:50:19] [Server thread/INFO] (Minecraft) Saving and pausing game...
[23:50:19] [Server thread/INFO] (Minecraft) Saving chunks for level 'ServerLevel[New World]'/minecraft:overworld
[23:50:19] [Server thread/INFO] (Minecraft) Saving chunks for level 'ServerLevel[New World]'/minecraft:the_nether
[23:50:19] [Server thread/INFO] (Minecraft) Saving chunks for level 'ServerLevel[New World]'/minecraft:the_end
[23:50:19] [Render thread/INFO] (Minecraft) [STDOUT]: [42m[30m[1m AutoConfiguration: autoconfig.json saved successfully! [0m
[23:50:19] [Render thread/INFO] (Minecraft) [STDOUT]: [42m[30m[1m AutoConfiguration: Shutdown complete! [0m
[23:50:19] [Render thread/INFO] (Minecraft) Stopping!
[23:50:19] [Server thread/INFO] (Minecraft) Player740 lost connection: Disconnected
[23:50:19] [Server thread/INFO] (Minecraft) Player740 left the game
[23:50:19] [Server thread/INFO] (Minecraft) Stopping singleplayer server as player logged out
[23:50:19] [Server thread/INFO] (Minecraft) Stopping server
[23:50:19] [Server thread/INFO] (Minecraft) Saving players
[23:50:19] [Server thread/INFO] (Minecraft) Saving worlds
[23:50:20] [Server thread/INFO] (Minecraft) Saving chunks for level 'ServerLevel[New World]'/minecraft:overworld
[23:50:20] [Server thread/INFO] (Minecraft) Saving chunks for level 'ServerLevel[New World]'/minecraft:the_nether
[23:50:20] [Server thread/INFO] (Minecraft) Saving chunks for level 'ServerLevel[New World]'/minecraft:the_end
[23:50:20] [Server thread/INFO] (Minecraft) ThreadedAnvilChunkStorage (New World): All chunks are saved
[23:50:20] [Server thread/INFO] (Minecraft) ThreadedAnvilChunkStorage (DIM-1): All chunks are saved
[23:50:20] [Server thread/INFO] (Minecraft) ThreadedAnvilChunkStorage (DIM1): All chunks are saved
[23:50:20] [Server thread/INFO] (Minecraft) ThreadedAnvilChunkStorage: All dimensions are saved
[23:50:20] [Rich-ConfigShutdown/INFO] (Minecraft) [STDOUT]: [44m[97m[1m AutoConfiguration: Shutdown detected, saving... [0m
